[2026-05-26T03:20:13.625127] [INFO] [scan-obsidian-inbox] START Scanning Obsidian inbox
[2026-05-26T03:20:13.627132] [INFO] [scan-obsidian-inbox] Inbox path: ${OBSIDIAN_VAULT}/Inbox
[2026-05-26T03:20:13.638435] [WARN] [scan-obsidian-inbox] Inbox path does not exist: ${OBSIDIAN_VAULT}/Inbox
[2026-05-26T03:20:13.638513] [INFO] [scan-obsidian-inbox] Found 0 files in inbox
[2026-05-26T03:20:13.638566] [INFO] [scan-obsidian-inbox] No files found
[2026-05-26T03:20:13.638614] [INFO] [scan-obsidian-inbox] Dry-run mode — no changes made
[2026-05-26T03:20:13.648839] [INFO] [scan-obsidian-inbox] END Completed successfully
[2026-05-26T03:20:54.049104] [INFO] [scan-obsidian-inbox] START Scanning Obsidian inbox
[2026-05-26T03:20:54.049211] [INFO] [scan-obsidian-inbox] Inbox path: ${OBSIDIAN_VAULT}/Inbox
[2026-05-26T03:20:54.049280] [WARN] [scan-obsidian-inbox] Inbox path does not exist: ${OBSIDIAN_VAULT}/Inbox
[2026-05-26T03:20:54.049333] [INFO] [scan-obsidian-inbox] Found 0 files in inbox
[2026-05-26T03:20:54.049382] [INFO] [scan-obsidian-inbox] No files found
[2026-05-26T03:20:54.049432] [INFO] [scan-obsidian-inbox] END Completed successfully
[2026-05-26T03:21:36.449886] [INFO] [scan-obsidian-inbox] START Scanning Obsidian inbox
[2026-05-26T03:21:36.450019] [INFO] [scan-obsidian-inbox] Inbox path: /home/mpc/Documents/LinuxBox-Vault/Inbox
[2026-05-26T03:21:36.450142] [WARN] [scan-obsidian-inbox] Inbox path does not exist: /home/mpc/Documents/LinuxBox-Vault/Inbox
[2026-05-26T03:21:36.450222] [INFO] [scan-obsidian-inbox] Found 0 files in inbox
[2026-05-26T03:21:36.450279] [INFO] [scan-obsidian-inbox] No files found
[2026-05-26T03:21:36.450327] [INFO] [scan-obsidian-inbox] END Completed successfully
[2026-05-26T03:37:30.071440] [INFO] [scan-obsidian-inbox] START Scanning Obsidian inbox
[2026-05-26T03:37:30.076262] [INFO] [scan-obsidian-inbox] Inbox path: /home/mpc/Documents/LinuxBox-Vault/Inbox
[2026-05-26T03:37:30.076360] [WARN] [scan-obsidian-inbox] Inbox path does not exist: /home/mpc/Documents/LinuxBox-Vault/Inbox
[2026-05-26T03:37:30.076414] [INFO] [scan-obsidian-inbox] Found 0 files in inbox
[2026-05-26T03:37:30.076464] [INFO] [scan-obsidian-inbox] No files found
[2026-05-26T03:37:30.076510] [INFO] [scan-obsidian-inbox] END Completed successfully
